mode: atomic
github.com/opendatahub-io/opendatahub-operator/v2/pkg/utils/test/matchers/jq/jq_matcher.go:11.49,15.2 1 19
github.com/opendatahub-io/opendatahub-operator/v2/pkg/utils/test/matchers/jq/jq_matcher.go:24.65,26.16 2 19
github.com/opendatahub-io/opendatahub-operator/v2/pkg/utils/test/matchers/jq/jq_matcher.go:26.16,28.3 1 0
github.com/opendatahub-io/opendatahub-operator/v2/pkg/utils/test/matchers/jq/jq_matcher.go:30.2,31.16 2 19
github.com/opendatahub-io/opendatahub-operator/v2/pkg/utils/test/matchers/jq/jq_matcher.go:31.16,33.3 1 0
github.com/opendatahub-io/opendatahub-operator/v2/pkg/utils/test/matchers/jq/jq_matcher.go:35.2,38.9 3 19
github.com/opendatahub-io/opendatahub-operator/v2/pkg/utils/test/matchers/jq/jq_matcher.go:38.9,40.3 1 0
github.com/opendatahub-io/opendatahub-operator/v2/pkg/utils/test/matchers/jq/jq_matcher.go:42.2,42.30 1 19
github.com/opendatahub-io/opendatahub-operator/v2/pkg/utils/test/matchers/jq/jq_matcher.go:42.30,44.3 1 0
github.com/opendatahub-io/opendatahub-operator/v2/pkg/utils/test/matchers/jq/jq_matcher.go:46.2,46.31 1 19
github.com/opendatahub-io/opendatahub-operator/v2/pkg/utils/test/matchers/jq/jq_matcher.go:46.31,48.3 1 19
github.com/opendatahub-io/opendatahub-operator/v2/pkg/utils/test/matchers/jq/jq_matcher.go:50.2,50.19 1 0
github.com/opendatahub-io/opendatahub-operator/v2/pkg/utils/test/matchers/jq/jq_matcher.go:53.67,55.2 1 0
github.com/opendatahub-io/opendatahub-operator/v2/pkg/utils/test/matchers/jq/jq_matcher.go:57.74,59.2 1 0
github.com/opendatahub-io/opendatahub-operator/v2/pkg/utils/test/matchers/jq/jq_support.go:16.83,19.27 2 0
github.com/opendatahub-io/opendatahub-operator/v2/pkg/utils/test/matchers/jq/jq_support.go:19.27,21.3 1 0
github.com/opendatahub-io/opendatahub-operator/v2/pkg/utils/test/matchers/jq/jq_support.go:23.2,23.40 1 0
github.com/opendatahub-io/opendatahub-operator/v2/pkg/utils/test/matchers/jq/jq_support.go:26.61,29.45 2 0
github.com/opendatahub-io/opendatahub-operator/v2/pkg/utils/test/matchers/jq/jq_support.go:29.45,30.37 1 0
github.com/opendatahub-io/opendatahub-operator/v2/pkg/utils/test/matchers/jq/jq_support.go:31.12,33.48 2 0
github.com/opendatahub-io/opendatahub-operator/v2/pkg/utils/test/matchers/jq/jq_support.go:34.11,35.31 1 0
github.com/opendatahub-io/opendatahub-operator/v2/pkg/utils/test/matchers/jq/jq_support.go:35.31,37.5 1 0
github.com/opendatahub-io/opendatahub-operator/v2/pkg/utils/test/matchers/jq/jq_support.go:39.4,40.48 2 0
github.com/opendatahub-io/opendatahub-operator/v2/pkg/utils/test/matchers/jq/jq_support.go:44.2,44.41 1 0
github.com/opendatahub-io/opendatahub-operator/v2/pkg/utils/test/matchers/jq/jq_support.go:48.34,50.22 2 35
github.com/opendatahub-io/opendatahub-operator/v2/pkg/utils/test/matchers/jq/jq_support.go:50.22,52.3 1 1
github.com/opendatahub-io/opendatahub-operator/v2/pkg/utils/test/matchers/jq/jq_support.go:53.2,53.50 1 34
github.com/opendatahub-io/opendatahub-operator/v2/pkg/utils/test/matchers/jq/jq_support.go:53.50,55.3 1 1
github.com/opendatahub-io/opendatahub-operator/v2/pkg/utils/test/matchers/jq/jq_support.go:57.2,57.24 1 33
github.com/opendatahub-io/opendatahub-operator/v2/pkg/utils/test/matchers/jq/jq_support.go:58.14,60.17 2 12
github.com/opendatahub-io/opendatahub-operator/v2/pkg/utils/test/matchers/jq/jq_support.go:60.17,62.4 1 0
github.com/opendatahub-io/opendatahub-operator/v2/pkg/utils/test/matchers/jq/jq_support.go:64.3,64.16 1 12
github.com/opendatahub-io/opendatahub-operator/v2/pkg/utils/test/matchers/jq/jq_support.go:65.14,67.17 2 7
github.com/opendatahub-io/opendatahub-operator/v2/pkg/utils/test/matchers/jq/jq_support.go:67.17,69.4 1 0
github.com/opendatahub-io/opendatahub-operator/v2/pkg/utils/test/matchers/jq/jq_support.go:71.3,71.16 1 7
github.com/opendatahub-io/opendatahub-operator/v2/pkg/utils/test/matchers/jq/jq_support.go:72.23,74.17 2 1
github.com/opendatahub-io/opendatahub-operator/v2/pkg/utils/test/matchers/jq/jq_support.go:74.17,76.4 1 0
github.com/opendatahub-io/opendatahub-operator/v2/pkg/utils/test/matchers/jq/jq_support.go:78.3,78.16 1 1
github.com/opendatahub-io/opendatahub-operator/v2/pkg/utils/test/matchers/jq/jq_support.go:79.22,81.17 2 1
github.com/opendatahub-io/opendatahub-operator/v2/pkg/utils/test/matchers/jq/jq_support.go:81.17,83.4 1 0
github.com/opendatahub-io/opendatahub-operator/v2/pkg/utils/test/matchers/jq/jq_support.go:85.3,85.16 1 1
github.com/opendatahub-io/opendatahub-operator/v2/pkg/utils/test/matchers/jq/jq_support.go:86.17,88.17 2 1
github.com/opendatahub-io/opendatahub-operator/v2/pkg/utils/test/matchers/jq/jq_support.go:88.17,90.4 1 0
github.com/opendatahub-io/opendatahub-operator/v2/pkg/utils/test/matchers/jq/jq_support.go:92.3,93.17 2 1
github.com/opendatahub-io/opendatahub-operator/v2/pkg/utils/test/matchers/jq/jq_support.go:93.17,95.4 1 0
github.com/opendatahub-io/opendatahub-operator/v2/pkg/utils/test/matchers/jq/jq_support.go:97.3,97.16 1 1
github.com/opendatahub-io/opendatahub-operator/v2/pkg/utils/test/matchers/jq/jq_support.go:98.37,100.26 2 1
github.com/opendatahub-io/opendatahub-operator/v2/pkg/utils/test/matchers/jq/jq_support.go:100.26,102.4 1 1
github.com/opendatahub-io/opendatahub-operator/v2/pkg/utils/test/matchers/jq/jq_support.go:103.3,103.18 1 1
github.com/opendatahub-io/opendatahub-operator/v2/pkg/utils/test/matchers/jq/jq_support.go:104.35,106.20 2 1
github.com/opendatahub-io/opendatahub-operator/v2/pkg/utils/test/matchers/jq/jq_support.go:106.20,108.4 1 1
github.com/opendatahub-io/opendatahub-operator/v2/pkg/utils/test/matchers/jq/jq_support.go:109.3,109.18 1 1
github.com/opendatahub-io/opendatahub-operator/v2/pkg/utils/test/matchers/jq/jq_support.go:110.33,111.23 1 1
github.com/opendatahub-io/opendatahub-operator/v2/pkg/utils/test/matchers/jq/jq_support.go:112.36,114.20 2 0
github.com/opendatahub-io/opendatahub-operator/v2/pkg/utils/test/matchers/jq/jq_support.go:114.20,116.4 1 0
github.com/opendatahub-io/opendatahub-operator/v2/pkg/utils/test/matchers/jq/jq_support.go:117.3,117.18 1 0
github.com/opendatahub-io/opendatahub-operator/v2/pkg/utils/test/matchers/jq/jq_support.go:118.34,119.23 1 1
github.com/opendatahub-io/opendatahub-operator/v2/pkg/utils/test/matchers/jq/jq_support.go:122.2,122.35 1 7
github.com/opendatahub-io/opendatahub-operator/v2/pkg/utils/test/matchers/jq/jq_support.go:123.19,124.17 1 6
github.com/opendatahub-io/opendatahub-operator/v2/pkg/utils/test/matchers/jq/jq_support.go:125.21,126.17 1 1
github.com/opendatahub-io/opendatahub-operator/v2/pkg/utils/test/matchers/jq/jq_support.go:127.10,128.71 1 0
github.com/opendatahub-io/opendatahub-operator/v2/pkg/utils/test/matchers/jq/jq_support.go:132.41,133.18 1 27
github.com/opendatahub-io/opendatahub-operator/v2/pkg/utils/test/matchers/jq/jq_support.go:133.18,135.3 1 1
github.com/opendatahub-io/opendatahub-operator/v2/pkg/utils/test/matchers/jq/jq_support.go:137.2,137.15 1 26
github.com/opendatahub-io/opendatahub-operator/v2/pkg/utils/test/matchers/jq/jq_support.go:138.11,140.51 2 23
github.com/opendatahub-io/opendatahub-operator/v2/pkg/utils/test/matchers/jq/jq_support.go:140.51,142.4 1 1
github.com/opendatahub-io/opendatahub-operator/v2/pkg/utils/test/matchers/jq/jq_support.go:144.3,144.19 1 22
github.com/opendatahub-io/opendatahub-operator/v2/pkg/utils/test/matchers/jq/jq_support.go:145.11,147.51 2 2
github.com/opendatahub-io/opendatahub-operator/v2/pkg/utils/test/matchers/jq/jq_support.go:147.51,149.4 1 0
github.com/opendatahub-io/opendatahub-operator/v2/pkg/utils/test/matchers/jq/jq_support.go:151.3,151.19 1 2
github.com/opendatahub-io/opendatahub-operator/v2/pkg/utils/test/matchers/jq/jq_support.go:152.10,153.63 1 1
github.com/opendatahub-io/opendatahub-operator/v2/pkg/utils/test/matchers/jq/jq_transform.go:9.59,10.35 1 2
github.com/opendatahub-io/opendatahub-operator/v2/pkg/utils/test/matchers/jq/jq_transform.go:10.35,12.3 1 2
github.com/opendatahub-io/opendatahub-operator/v2/pkg/utils/test/matchers/jq/jq_transform.go:15.64,20.16 4 4
github.com/opendatahub-io/opendatahub-operator/v2/pkg/utils/test/matchers/jq/jq_transform.go:20.16,22.3 1 0
github.com/opendatahub-io/opendatahub-operator/v2/pkg/utils/test/matchers/jq/jq_transform.go:24.2,25.16 2 4
github.com/opendatahub-io/opendatahub-operator/v2/pkg/utils/test/matchers/jq/jq_transform.go:25.16,27.3 1 0
github.com/opendatahub-io/opendatahub-operator/v2/pkg/utils/test/matchers/jq/jq_transform.go:29.2,32.9 3 4
github.com/opendatahub-io/opendatahub-operator/v2/pkg/utils/test/matchers/jq/jq_transform.go:32.9,34.3 1 0
github.com/opendatahub-io/opendatahub-operator/v2/pkg/utils/test/matchers/jq/jq_transform.go:36.2,36.30 1 4
github.com/opendatahub-io/opendatahub-operator/v2/pkg/utils/test/matchers/jq/jq_transform.go:36.30,38.3 1 0
github.com/opendatahub-io/opendatahub-operator/v2/pkg/utils/test/matchers/jq/jq_transform.go:40.2,41.9 2 4
github.com/opendatahub-io/opendatahub-operator/v2/pkg/utils/test/matchers/jq/jq_transform.go:41.9,43.3 1 0
github.com/opendatahub-io/opendatahub-operator/v2/pkg/utils/test/matchers/jq/jq_transform.go:45.2,45.20 1 4
